// Jest Snapshot v1, https://goo.gl/fbAQLP

exports[`<CreateSurvey /> renders the CreateSurvey component correctly 1`] = `ShallowWrapper {}`;

exports[`<CreateSurvey /> renders the createSurvey componenet correctly 1`] = `ShallowWrapper {}`;

exports[`<CreateSurvey /> renders the createSurvey component correctly 1`] = `ShallowWrapper {}`;
