// Jest Snapshot v1, https://goo.gl/fbAQLP

exports[`<Chart /> renders NoFeedBack if feedback is empty 1`] = `
Array [
  <div>
    <h4
      className="sc-bdVaJa kMUebk"
    >
      What do you say about my overall usefulness in the team for the past 4 months?
    </h4>
    <div
      className="sc-htpNat jhFAkZ"
    >
      <div />
      <div>
        <p
          className="sc-bxivhb kjDdIz"
        >
          It's been quite incredible
        </p>
      </div>
    </div>
  </div>,
  <div>
    <h4
      className="sc-bdVaJa kMUebk"
    >
      What do you say about my overall usefulness in the team for the past 4 months?
    </h4>
    <div
      className="sc-htpNat jhFAkZ"
    >
      <div>
        <p
          className="sc-bxivhb kjDdIz"
        >
          It's been quite incredible
        </p>
      </div>
      <div />
    </div>
  </div>,
]
`;

exports[`<Chart /> renders the chart component correctly 1`] = `
Array [
  <div
    key="1"
  >
    <styled.h4>
      What do you say about my overall usefulness in the team for the past 4 months?
    </styled.h4>
    <styled.div>
      <div
        key="1"
      />
      <div
        key="2"
      >
        <styled.p>
          It's been quite incredible
        </styled.p>
      </div>
    </styled.div>
  </div>,
  <div
    key="2"
  >
    <styled.h4>
      What do you say about my overall usefulness in the team for the past 4 months?
    </styled.h4>
    <styled.div>
      <div
        key="1"
      >
        <styled.p>
          It's been quite incredible
        </styled.p>
      </div>
      <div
        key="2"
      />
    </styled.div>
  </div>,
]
`;
